// Jest Snapshot v1, https://goo.gl/fbAQLP

exports[`Button is defined/matches snapshot should render correctly 1`] = `ShallowWrapper {}`;
